// Jest Snapshot v1, https://goo.gl/fbAQLP

exports[`<GridText /> should render grid component 1`] = `
.c4 {
  color: #0A1128;
  font-size: 6.4rem;
  text-transform: uppercase;
}

.c9 {
  color: #0A1128;
  font-size: 3.2rem;
  text-transform: none;
}

.c6 {
  font-size: 2.4rem;
}

.c2 .c5 {
  margin-bottom: 6.4rem;
}

.c7 {
  counter-reset: grid-counter;
  display: grid;
  grid-template-columns: repeat(auto-fill,minmax(280px,1fr));
  gap: 3.2rem;
}

.c8 .c3 {
  position: relative;
  left: 5rem;
}

.c8 .c3::before {
  counter-increment: grid-counter;
  content: counter(grid-counter);
  position: absolute;
  font-size: 7rem;
  top: -3rem;
  left: -5rem;
  -webkit-transform: rotate(15deg);
  -ms-transform: rotate(15deg);
  transform: rotate(15deg);
}

.c0 {
  background: #FFFFFF;
  color: #0A1128;
  min-height: 100vh;
  display: -webkit-box;
  display: -webkit-flex;
  display: -ms-flexbox;
  display: flex;
  -webkit-align-items: center;
  -webkit-box-align: center;
  -ms-flex-align: center;
  align-items: center;
}

.c1 {
  max-width: 120rem;
  margin: 0 auto;
  padding: 3.2rem;
}

@media (max-width:768px) {
  .c4 {
    font-size: 4.0rem;
  }
}

@media (max-width:768px) {
  .c8 .c3 {
    max-width: 80%;
  }
}

@media (max-width:768px) {
  .c1 {
    padding: 1.6rem;
  }
}

@media (max-width:414px) {
  .c1 {
    padding: .4rem;
  }
}

<div>
  <div
    class="c0"
  >
    <div
      class="c1"
    >
      <div
        class="c2"
      >
        <h2
          class="c3 c4"
        >
          My grid
        </h2>
        <p
          class="c5 c6"
        >
          Lorem ipsum dolor sit amet. Et asperiores explicaboEst earum ea accusamus similique aut ipsa totam aut laborum quidem rem vero quisquam est velit labore? Eos veniam atqueUt consequatur id eius enim.
        </p>
        <div
          class="c7"
        >
          <div
            class="c8"
          >
            <h3
              class="c3 c9"
            >
              Teste 1
            </h3>
            <p
              class="c5 c6"
            >
              Lorem ipsum dolor sit amet. Et asperiores explicaboEst earum ea accusamus similique aut ipsa totam aut laborum quidem rem vero quisquam est velit labore? Eos veniam atqueUt consequatur id eius enim.
            </p>
          </div>
          <div
            class="c8"
          >
            <h3
              class="c3 c9"
            >
              Teste 2
            </h3>
            <p
              class="c5 c6"
            >
              Lorem ipsum dolor sit amet. Et asperiores explicaboEst earum ea accusamus similique aut ipsa totam aut laborum quidem rem vero quisquam est velit labore? Eos veniam atqueUt consequatur id eius enim.
            </p>
          </div>
          <div
            class="c8"
          >
            <h3
              class="c3 c9"
            >
              Teste 3
            </h3>
            <p
              class="c5 c6"
            >
              Lorem ipsum dolor sit amet. Et asperiores explicaboEst earum ea accusamus similique aut ipsa totam aut laborum quidem rem vero quisquam est velit labore? Eos veniam atqueUt consequatur id eius enim.
            </p>
          </div>
        </div>
      </div>
    </div>
  </div>
</div>
`;

exports[`<GridText /> should render grid component without background 1`] = `
.c4 {
  color: #0A1128;
  font-size: 6.4rem;
  text-transform: uppercase;
}

.c9 {
  color: #0A1128;
  font-size: 3.2rem;
  text-transform: none;
}

.c6 {
  font-size: 2.4rem;
}

.c2 .c5 {
  margin-bottom: 6.4rem;
}

.c7 {
  counter-reset: grid-counter;
  display: grid;
  grid-template-columns: repeat(auto-fill,minmax(280px,1fr));
  gap: 3.2rem;
}

.c8 .c3 {
  position: relative;
  left: 5rem;
}

.c8 .c3::before {
  counter-increment: grid-counter;
  content: counter(grid-counter);
  position: absolute;
  font-size: 7rem;
  top: -3rem;
  left: -5rem;
  -webkit-transform: rotate(15deg);
  -ms-transform: rotate(15deg);
  transform: rotate(15deg);
}

.c0 {
  background: #FFFFFF;
  color: #0A1128;
  min-height: 100vh;
  display: -webkit-box;
  display: -webkit-flex;
  display: -ms-flexbox;
  display: flex;
  -webkit-align-items: center;
  -webkit-box-align: center;
  -ms-flex-align: center;
  align-items: center;
}

.c1 {
  max-width: 120rem;
  margin: 0 auto;
  padding: 3.2rem;
}

@media (max-width:768px) {
  .c4 {
    font-size: 4.0rem;
  }
}

@media (max-width:768px) {
  .c8 .c3 {
    max-width: 80%;
  }
}

@media (max-width:768px) {
  .c1 {
    padding: 1.6rem;
  }
}

@media (max-width:414px) {
  .c1 {
    padding: .4rem;
  }
}

<div>
  <div
    class="c0"
  >
    <div
      class="c1"
    >
      <div
        class="c2"
      >
        <h2
          class="c3 c4"
        >
          My grid
        </h2>
        <p
          class="c5 c6"
        >
          Lorem ipsum dolor sit amet. Et asperiores explicaboEst earum ea accusamus similique aut ipsa totam aut laborum quidem rem vero quisquam est velit labore? Eos veniam atqueUt consequatur id eius enim.
        </p>
        <div
          class="c7"
        >
          <div
            class="c8"
          >
            <h3
              class="c3 c9"
            >
              Teste 1
            </h3>
            <p
              class="c5 c6"
            >
              Lorem ipsum dolor sit amet. Et asperiores explicaboEst earum ea accusamus similique aut ipsa totam aut laborum quidem rem vero quisquam est velit labore? Eos veniam atqueUt consequatur id eius enim.
            </p>
          </div>
          <div
            class="c8"
          >
            <h3
              class="c3 c9"
            >
              Teste 2
            </h3>
            <p
              class="c5 c6"
            >
              Lorem ipsum dolor sit amet. Et asperiores explicaboEst earum ea accusamus similique aut ipsa totam aut laborum quidem rem vero quisquam est velit labore? Eos veniam atqueUt consequatur id eius enim.
            </p>
          </div>
          <div
            class="c8"
          >
            <h3
              class="c3 c9"
            >
              Teste 3
            </h3>
            <p
              class="c5 c6"
            >
              Lorem ipsum dolor sit amet. Et asperiores explicaboEst earum ea accusamus similique aut ipsa totam aut laborum quidem rem vero quisquam est velit labore? Eos veniam atqueUt consequatur id eius enim.
            </p>
          </div>
        </div>
      </div>
    </div>
  </div>
</div>
`;
