// Jest Snapshot v1, https://goo.gl/fbAQLP

exports[`<GridText /> should render grid component 1`] = `
.c3 {
  color: #0A1128;
  font-size: 6.4rem;
  text-transform: uppercase;
}

.c5 {
  font-size: 2.4rem;
}

.c2 > .c4 {
  margin-bottom: 6.4rem;
}

.c6 {
  display: grid;
  grid-template-columns: repeat(auto-fill,minmax(280px,1fr));
  gap: 3.2rem;
}

.c7 {
  overflow: hidden;
}

.c8 {
  width: 100%;
}

.c0 {
  background: #FFFFFF;
  color: #0A1128;
  min-height: 100vh;
  display: -webkit-box;
  display: -webkit-flex;
  display: -ms-flexbox;
  display: flex;
  -webkit-align-items: center;
  -webkit-box-align: center;
  -ms-flex-align: center;
  align-items: center;
}

.c1 {
  max-width: 120rem;
  margin: 0 auto;
  padding: 3.2rem;
}

@media (max-width:768px) {
  .c3 {
    font-size: 4.0rem;
  }
}

@media (min-width:1024px) {
  .c8 {
    -webkit-transition: all 300ms ease-in-out;
    transition: all 300ms ease-in-out;
  }

  .c8:hover {
    -webkit-transform: scale(1.2) rotate(10deg);
    -ms-transform: scale(1.2) rotate(10deg);
    transform: scale(1.2) rotate(10deg);
  }
}

@media (max-width:768px) {
  .c1 {
    padding: 1.6rem;
  }
}

@media (max-width:414px) {
  .c1 {
    padding: .4rem;
  }
}

<div>
  <div
    class="c0"
  >
    <div
      class="c1"
    >
      <div
        class="c2"
      >
        <h2
          class="c3"
        >
          My grid
        </h2>
        <p
          class="c4 c5"
        >
          Lorem ipsum dolor sit amet. Et asperiores explicaboEst earum ea accusamus similique aut ipsa totam aut laborum quidem rem vero quisquam est velit labore? Eos veniam atqueUt consequatur id eius enim.
        </p>
        <div
          class="c6"
        >
          <div
            class="c7"
          >
            <img
              alt="Teste 1"
              class="c8"
              src="/assets/images/image_001.webp"
            />
          </div>
          <div
            class="c7"
          >
            <img
              alt="Teste 2"
              class="c8"
              src="/assets/images/image_002.webp"
            />
          </div>
          <div
            class="c7"
          >
            <img
              alt="Teste 3"
              class="c8"
              src="/assets/images/image_003.webp"
            />
          </div>
          <div
            class="c7"
          >
            <img
              alt="Teste 4"
              class="c8"
              src="/assets/images/image_004.webp"
            />
          </div>
          <div
            class="c7"
          >
            <img
              alt="Teste 5"
              class="c8"
              src="/assets/images/image_005.webp"
            />
          </div>
          <div
            class="c7"
          >
            <img
              alt="Teste 6"
              class="c8"
              src="/assets/images/image_006.webp"
            />
          </div>
        </div>
      </div>
    </div>
  </div>
</div>
`;

exports[`<GridText /> should render grid component without background 1`] = `
.c3 {
  color: #0A1128;
  font-size: 6.4rem;
  text-transform: uppercase;
}

.c5 {
  font-size: 2.4rem;
}

.c2 > .c4 {
  margin-bottom: 6.4rem;
}

.c6 {
  display: grid;
  grid-template-columns: repeat(auto-fill,minmax(280px,1fr));
  gap: 3.2rem;
}

.c7 {
  overflow: hidden;
}

.c8 {
  width: 100%;
}

.c0 {
  background: #FFFFFF;
  color: #0A1128;
  min-height: 100vh;
  display: -webkit-box;
  display: -webkit-flex;
  display: -ms-flexbox;
  display: flex;
  -webkit-align-items: center;
  -webkit-box-align: center;
  -ms-flex-align: center;
  align-items: center;
}

.c1 {
  max-width: 120rem;
  margin: 0 auto;
  padding: 3.2rem;
}

@media (max-width:768px) {
  .c3 {
    font-size: 4.0rem;
  }
}

@media (min-width:1024px) {
  .c8 {
    -webkit-transition: all 300ms ease-in-out;
    transition: all 300ms ease-in-out;
  }

  .c8:hover {
    -webkit-transform: scale(1.2) rotate(10deg);
    -ms-transform: scale(1.2) rotate(10deg);
    transform: scale(1.2) rotate(10deg);
  }
}

@media (max-width:768px) {
  .c1 {
    padding: 1.6rem;
  }
}

@media (max-width:414px) {
  .c1 {
    padding: .4rem;
  }
}

<div>
  <div
    class="c0"
  >
    <div
      class="c1"
    >
      <div
        class="c2"
      >
        <h2
          class="c3"
        >
          My grid
        </h2>
        <p
          class="c4 c5"
        >
          Lorem ipsum dolor sit amet. Et asperiores explicaboEst earum ea accusamus similique aut ipsa totam aut laborum quidem rem vero quisquam est velit labore? Eos veniam atqueUt consequatur id eius enim.
        </p>
        <div
          class="c6"
        >
          <div
            class="c7"
          >
            <img
              alt="Teste 1"
              class="c8"
              src="/assets/images/image_001.webp"
            />
          </div>
          <div
            class="c7"
          >
            <img
              alt="Teste 2"
              class="c8"
              src="/assets/images/image_002.webp"
            />
          </div>
          <div
            class="c7"
          >
            <img
              alt="Teste 3"
              class="c8"
              src="/assets/images/image_003.webp"
            />
          </div>
          <div
            class="c7"
          >
            <img
              alt="Teste 4"
              class="c8"
              src="/assets/images/image_004.webp"
            />
          </div>
          <div
            class="c7"
          >
            <img
              alt="Teste 5"
              class="c8"
              src="/assets/images/image_005.webp"
            />
          </div>
          <div
            class="c7"
          >
            <img
              alt="Teste 6"
              class="c8"
              src="/assets/images/image_006.webp"
            />
          </div>
        </div>
      </div>
    </div>
  </div>
</div>
`;
